<!DOCTYPE html>
<html lang="en">
<head>
	<meta charset="UTF-8">
	<title>Golden</title>
	<link rel="stylesheet" type="text/css" href="css/main.css">
</head>
<body>
	<header>
		<div class="container">
			<div class="heading clearfix">
				<img src="img/logo.png" alt="Golden" class="logo">
				<nav>
					<ul class="menu">
						<li>
							<a href="#">Home</a>
						</li>
						<li>
							<a href="#">Services</a>
						</li>
						<li>
							<a href="#">Portfolio</a>
						</li>
						<li>
							<a href="#">About</a>
						</li>
						<li>
							<a href="#">Contact</a>
						</li>
					</ul>
				</nav>
			</div>
			<div class="titles">
				<div class="titles__first">
					Welcome To Our Studio!
				</div>
				<h1>
					Itâ€™s nice to Meet you
				</h1>
			</div>
			<a href="#" class="button">Tell Me More</a>
		</div>
	</header>
	<section>
		<div class="container">
			<div class="title">
				<h2>
					Services
				</h2>
				<p>
				Proin iaculis purus consequat sem cure.
				</p>
			</div>
			<div class="services clearfix">
				<div class="services__item">
					<img src="img/icon1.png" alt="Commerce">
					<h3>E-Commerce</h3>	
					<p>
						Proin iaculis purus consequat sem cure 
						digni ssim. Donec porttitora entum suscipit 
						aenean rhoncus posuere odio in tincidunt.
					</p>
				</div>
				<div class="services__item">
					<img src="img/icon2.png" alt="Responsive">
					<h3>Responsive Web</h3>
					<p>
						Proin iaculis purus consequat sem cure 
						digni ssim. Donec porttitora entum suscipit 
						aenean rhoncus posuere odio in tincidunt.
					</p>
				</div>
				<div class="services__item">
					<img src="img/icon3.png" alt="Security">
					<h3>Web Security</h3>
					<p>
						Proin iaculis purus consequat sem cure 
						digni ssim. Donec porttitora entum suscipit 
						aenean rhoncus posuere odio in tincidunt.
					</p>
				</div>
			</div>
		</div>
	</section>
	<section id="portfolio">
		<div class="container">
			<div class="title">
				<h2>
					Our portfolio
				</h2>
				<p>
					Proin iaculis purus consequat sem cure.
				</p>
			</div>
			<div class="works clearfix">
				<img src="img/img1.jpg" alt="work_1">
				<img src="img/img2.jpg" alt="work_2">
				<img src="img/img3.jpg" alt="work_3">
			</div>
		</div>
	</section>
	<section>
		<div class="container">
			<div class="title">
				<h2>
					About Us
				</h2>
				<p>
					Proin iaculis purus consequat sem cure.
				</p>
			</div>
			<div class="celebration">
				<div class="celebration__item">
					<div class="celebration__item__title">
						<h3>
							July 2010<br>
							Our Humble Beginnings
						</h3>
						<p>
							Proin iaculis purus consequat sem cure 
							digni ssim. Donec porttitora entum suscipit 
							aenean rhoncus posuere odio in tincidunt. Proin 
							iaculis purus consequat sem cure digni 
							ssim. Donec porttitora entum suscipit.
						</p>
					</div>
					<img src="img/about1.jpg" alt="About1">
				</div>
			</div>
		</div>
	</section>
	<footer>
		<div class="container">
			
		</div>
	</footer>
</body>
</html>